Andi PC@DESKTOP-OP3DGEI MINGW64 ~/Documents/belajar-niomic (staging)
$ git status
On branch staging
nothing to commit, working tree clean

Andi PC@DESKTOP-OP3DGEI MINGW64 ~/Documents/belajar-niomic (staging)
$ git push
fatal: The current branch staging has no upstream branch.
To push the current branch and set the remote as upstream, use

    git push --set-upstream origin staging


Andi PC@DESKTOP-OP3DGEI MINGW64 ~/Documents/belajar-niomic (staging)
$ git push --set-upstream origin staging
To https://github.com/andiputrakusuma/belajar-niomic.git
 ! [rejected]        staging -> staging (non-fast-forward)
error: failed to push some refs to 'https://github.com/andiputrakusuma/belajar-niomic.git'
hint: Updates were rejected because the tip of your current branch is behind
hint: its remote counterpart. Integrate the remote changes (e.g.
hint: 'git pull ...') before pushing again.
hint: See the 'Note about fast-forwards' in 'git push --help' for details.

Andi PC@DESKTOP-OP3DGEI MINGW64 ~/Documents/belajar-niomic (staging)
$ git pull
There is no tracking information for the current branch.
Please specify which branch you want to merge with.
See git-pull(1) for details.

    git pull <remote> <branch>

If you wish to set tracking information for this branch you can do so with:

    git branch --set-upstream-to=origin/<branch> staging


Andi PC@DESKTOP-OP3DGEI MINGW64 ~/Documents/belajar-niomic (staging)
$ git branch
  main
* staging

Andi PC@DESKTOP-OP3DGEI MINGW64 ~/Documents/belajar-niomic (staging)
$ git branch --set-upstream-to=origin/staging staging
Branch 'staging' set up to track remote branch 'staging' from 'origin'.

Andi PC@DESKTOP-OP3DGEI MINGW64 ~/Documents/belajar-niomic (staging)
$ git pull --allow-unrelated-histories
Auto-merging header.html
CONFLICT (content): Merge conflict in header.html
Automatic merge failed; fix conflicts and then commit the result.

Andi PC@DESKTOP-OP3DGEI MINGW64 ~/Documents/belajar-niomic (staging|MERGING)
$ git status
On branch staging
Your branch and 'origin/staging' have diverged,
and have 1 and 1 different commits each, respectively.
  (use "git pull" to merge the remote branch into yours)

You have unmerged paths.
  (fix conflicts and run "git commit")
  (use "git merge --abort" to abort the merge)

Unmerged paths:
  (use "git add <file>..." to mark resolution)
        both modified:   header.html

no changes added to commit (use "git add" and/or "git commit -a")

Andi PC@DESKTOP-OP3DGEI MINGW64 ~/Documents/belajar-niomic (staging|MERGING)
$ git add header.html

Andi PC@DESKTOP-OP3DGEI MINGW64 ~/Documents/belajar-niomic (staging|MERGING)
$ git status
On branch staging
Your branch and 'origin/staging' have diverged,
and have 1 and 1 different commits each, respectively.
  (use "git pull" to merge the remote branch into yours)

All conflicts fixed but you are still merging.
  (use "git commit" to conclude merge)

Changes to be committed:
        modified:   header.html


Andi PC@DESKTOP-OP3DGEI MINGW64 ~/Documents/belajar-niomic (staging|MERGING)
$ git commit -m 'Merubah isi header.html'
[staging ee6f394] Merubah isi header.html

Andi PC@DESKTOP-OP3DGEI MINGW64 ~/Documents/belajar-niomic (staging)
$ git log --oneline
ee6f394 (HEAD -> staging) Merubah isi header.html
9d59171 Menambagkan elemen h3 pada header.html
9cf174b (origin/staging) Menambahkan elemen h2 pada file header.html
5689047 Menambahkan elemen h1 pada header.html
2af5678 (origin/main, origin/HEAD, main) Menambahkan file index.html
3d58738 Initial commit

Andi PC@DESKTOP-OP3DGEI MINGW64 ~/Documents/belajar-niomic (staging)
$ git pull
Already up to date.

Andi PC@DESKTOP-OP3DGEI MINGW64 ~/Documents/belajar-niomic (staging)
$ git push
Enumerating objects: 10, done.
Counting objects: 100% (10/10), done.
Delta compression using up to 4 threads
Compressing objects: 100% (6/6), done.
Writing objects: 100% (6/6), 753 bytes | 753.00 KiB/s, done.
Total 6 (delta 2), reused 0 (delta 0), pack-reused 0
remote: Resolving deltas: 100% (2/2), completed with 1 local object.
To https://github.com/andiputrakusuma/belajar-niomic.git
   9cf174b..ee6f394  staging -> staging

Andi PC@DESKTOP-OP3DGEI MINGW64 ~/Documents/belajar-niomic (staging)
$
